[INFO] Launch command: accelerate launch --config_file /data1/oujingfeng/project/twgi/Orthus/accelerate_config_stage3_offload.yaml --num_processes 8 /data1/oujingfeng/project/twgi/Orthus/train/grpo/grpo_orthus.py --model_name_or_path /data1/oujingfeng/project/twgi/checkpoints/mydatasets/orthus-7b-sft-base-sample80b100ep500l1e-5-weight-F --output_dir /data1/oujingfeng/project/twgi/checkpoints/grpo/orthus-7b-grpo-geneval-v1 --run_name orthus-7b-grpo-geneval-v1 --dataset_name /data1/oujingfeng/project/twgi/datasets/mydatasets/modified_data.json --bf16 True --torch_dtype bfloat16 --attn_implementation flash_attention_2 --gradient_checkpointing True --max_prompt_length 1400 --max_completion_length 256 --per_device_train_batch_size 1 --gradient_accumulation_steps 2 --learning_rate 1e-6 --max_steps 2000 --logging_steps 1 --save_steps 500 --temperature 1.0 --num_generations 2 --generation_batch_size 16 --beta 0 --optim adamw_torch --interleave_generation True --reward_funcs answer_correctness format --reward_smooth True --kl_reweight True --update_ref False --entropy_reward True
W1028 06:16:13.113000 355837 site-packages/torch/distributed/run.py:774] 
W1028 06:16:13.113000 355837 site-packages/torch/distributed/run.py:774] *****************************************
W1028 06:16:13.113000 355837 site-packages/torch/distributed/run.py:774] Setting OMP_NUM_THREADS environment variable for each process to be 1 in default, to avoid your system being overloaded, please further tune the variable for optimal performance in your application as needed. 
W1028 06:16:13.113000 355837 site-packages/torch/distributed/run.py:774] *****************************************
  File "/data1/oujingfeng/project/twgi/Orthus/train/grpo/grpo_orthus.py", line 38
    kl_reweight: bool = field(default=False, metadata={"help": "是否使用基于图像相似度的 KL 散度重加权。"})
                                                                                         ^
IndentationError: unindent does not match any outer indentation level
  File "/data1/oujingfeng/project/twgi/Orthus/train/grpo/grpo_orthus.py", line 38
    kl_reweight: bool = field(default=False, metadata={"help": "是否使用基于图像相似度的 KL 散度重加权。"})
               File "/data1/oujingfeng/project/twgi/Orthus/train/grpo/grpo_orthus.py", line 38
    kl_reweight: bool = field(default=False, metadata={"help": "是否使用基于图像相似度的 KL 散度重加权。"})
                                                                                         ^
IndentationError: unindent does not match any outer indentation level
                                                      File "/data1/oujingfeng/project/twgi/Orthus/train/grpo/grpo_orthus.py", line 38
                        ^
IndentationError: unindent does not match any outer indentation level
  File "/data1/oujingfeng/project/twgi/Orthus/train/grpo/grpo_orthus.py", line 38
    kl_reweight: bool = field(default=False, metadata={"help": "是否使用基于图像相似度的 KL 散度重加权。"})
                                                                                         ^
IndentationError: unindent does not match any outer indentation level
    kl_reweight: bool = field(default=False, metadata={"help": "是否使用基于图像相似度的 KL 散度重加权。"})
                                                                                         ^
IndentationError: unindent does not match any outer indentation level
  File "/data1/oujingfeng/project/twgi/Orthus/train/grpo/grpo_orthus.py", line 38
    kl_reweight: bool = field(default=False, metadata={"help": "是否使用基于图像相似度的 KL 散度重加权。"})
        File "/data1/oujingfeng/project/twgi/Orthus/train/grpo/grpo_orthus.py", line 38
    kl_reweight: bool = field(default=False, metadata={"help": "是否使用基于图像相似度的 KL 散度重加权。"})
                                                                                         ^
IndentationError: unindent does not match any outer indentation level
                                                                                   ^
IndentationError: unindent does not match any outer indentation level
  File "/data1/oujingfeng/project/twgi/Orthus/train/grpo/grpo_orthus.py", line 38
    kl_reweight: bool = field(default=False, metadata={"help": "是否使用基于图像相似度的 KL 散度重加权。"})
                                                                                         ^
IndentationError: unindent does not match any outer indentation level
E1028 06:16:13.230000 355837 site-packages/torch/distributed/elastic/multiprocessing/api.py:874] failed (exitcode: 1) local_rank: 0 (pid: 356101) of binary: /data1/conda/envs/orthus/bin/python3.11
Traceback (most recent call last):
  File "/data1/conda/envs/orthus/bin/accelerate", line 7, in <module>
    sys.exit(main())
             ^^^^^^
  File "/data1/conda/envs/orthus/lib/python3.11/site-packages/accelerate/commands/accelerate_cli.py", line 50, in main
    args.func(args)
  File "/data1/conda/envs/orthus/lib/python3.11/site-packages/accelerate/commands/launch.py", line 1220, in launch_command
    deepspeed_launcher(args)
  File "/data1/conda/envs/orthus/lib/python3.11/site-packages/accelerate/commands/launch.py", line 906, in deepspeed_launcher
    distrib_run.run(args)
  File "/data1/conda/envs/orthus/lib/python3.11/site-packages/torch/distributed/run.py", line 892, in run
    elastic_launch(
  File "/data1/conda/envs/orthus/lib/python3.11/site-packages/torch/distributed/launcher/api.py", line 143, in __call__
    return launch_agent(self._config, self._entrypoint, list(args))
           ^^^^^^^^^^^^^^^^^^^^^^^^^^^^^^^^^^^^^^^^^^^^^^^^^^^^^^^^
  File "/data1/conda/envs/orthus/lib/python3.11/site-packages/torch/distributed/launcher/api.py", line 277, in launch_agent
    raise ChildFailedError(
torch.distributed.elastic.multiprocessing.errors.ChildFailedError: 
============================================================
/data1/oujingfeng/project/twgi/Orthus/train/grpo/grpo_orthus.py FAILED
------------------------------------------------------------
Failures:
[1]:
  time      : 2025-10-28_06:16:13
  host      : server
  rank      : 1 (local_rank: 1)
  exitcode  : 1 (pid: 356102)
  error_file: <N/A>
  traceback : To enable traceback see: https://pytorch.org/docs/stable/elastic/errors.html
[2]:
  time      : 2025-10-28_06:16:13
  host      : server
  rank      : 2 (local_rank: 2)
  exitcode  : 1 (pid: 356103)
  error_file: <N/A>
  traceback : To enable traceback see: https://pytorch.org/docs/stable/elastic/errors.html
[3]:
  time      : 2025-10-28_06:16:13
  host      : server
  rank      : 3 (local_rank: 3)
  exitcode  : 1 (pid: 356104)
  error_file: <N/A>
  traceback : To enable traceback see: https://pytorch.org/docs/stable/elastic/errors.html
[4]:
  time      : 2025-10-28_06:16:13
  host      : server
  rank      : 4 (local_rank: 4)
  exitcode  : 1 (pid: 356105)
  error_file: <N/A>
  traceback : To enable traceback see: https://pytorch.org/docs/stable/elastic/errors.html
[5]:
  time      : 2025-10-28_06:16:13
  host      : server
  rank      : 5 (local_rank: 5)
  exitcode  : 1 (pid: 356106)
  error_file: <N/A>
  traceback : To enable traceback see: https://pytorch.org/docs/stable/elastic/errors.html
[6]:
  time      : 2025-10-28_06:16:13
  host      : server
  rank      : 6 (local_rank: 6)
  exitcode  : 1 (pid: 356107)
  error_file: <N/A>
  traceback : To enable traceback see: https://pytorch.org/docs/stable/elastic/errors.html
[7]:
  time      : 2025-10-28_06:16:13
  host      : server
  rank      : 7 (local_rank: 7)
  exitcode  : 1 (pid: 356108)
  error_file: <N/A>
  traceback : To enable traceback see: https://pytorch.org/docs/stable/elastic/errors.html
------------------------------------------------------------
Root Cause (first observed failure):
[0]:
  time      : 2025-10-28_06:16:13
  host      : server
  rank      : 0 (local_rank: 0)
  exitcode  : 1 (pid: 356101)
  error_file: <N/A>
  traceback : To enable traceback see: https://pytorch.org/docs/stable/elastic/errors.html
============================================================
