[INFO] Launch command: accelerate launch --config_file /data1/oujingfeng/project/twgi/Orthus/accelerate_config_stage3_offload.yaml --num_processes 8 /data1/oujingfeng/project/twgi/Orthus/train/grpo/grpo_orthus.py --model_name_or_path /data1/oujingfeng/project/twgi/checkpoints/mydatasets/orthus-7b-sft-base-sample4000b100e100l1e-5weight-F --output_dir /data1/oujingfeng/project/twgi/checkpoints/grpo/orthus-7b-grpo-geneval-v1 --run_name orthus-7b-grpo-geneval-v1 --dataset_name /data1/oujingfeng/project/twgi/datasets/mydatasets/modified_data.json --bf16 True --torch_dtype bfloat16 --attn_implementation flash_attention_2 --gradient_checkpointing True --max_prompt_length 1400 --max_completion_length 256 --per_device_train_batch_size 1 --gradient_accumulation_steps 2 --learning_rate 1e-6 --max_steps 2000 --logging_steps 1 --save_steps 500 --temperature 1.0 --num_generations 2 --generation_batch_size 16 --beta 0 --optim adamw_torch --interleave_generation False --reward_funcs answer_correctness format --reward_smooth True --kl_reweight True --update_ref False --entropy_reward True --use_peft True --lora_r 16 --lora_alpha 32 --lora_dropout 0.05 --lora_task_type CAUSAL_LM --lora_target_modules 'q_proj','k_proj','v_proj','o_proj'
/data1/conda/envs/orthus/lib/python3.11/site-packages/torch/cuda/__init__.py:63: FutureWarning: The pynvml package is deprecated. Please install nvidia-ml-py instead. If you did not install pynvml directly, please report this to the maintainers of the package that installed pynvml for you.
  import pynvml  # type: ignore[import]
W1103 15:08:59.653000 2054602 site-packages/torch/distributed/run.py:774] 
W1103 15:08:59.653000 2054602 site-packages/torch/distributed/run.py:774] *****************************************
W1103 15:08:59.653000 2054602 site-packages/torch/distributed/run.py:774] Setting OMP_NUM_THREADS environment variable for each process to be 1 in default, to avoid your system being overloaded, please further tune the variable for optimal performance in your application as needed. 
W1103 15:08:59.653000 2054602 site-packages/torch/distributed/run.py:774] *****************************************
/data1/conda/envs/orthus/lib/python3.11/site-packages/torch/cuda/__init__.py:63: FutureWarning: The pynvml package is deprecated. Please install nvidia-ml-py instead. If you did not install pynvml directly, please report this to the maintainers of the package that installed pynvml for you.
  import pynvml  # type: ignore[import]
/data1/conda/envs/orthus/lib/python3.11/site-packages/torch/cuda/__init__.py:63: FutureWarning: The pynvml package is deprecated. Please install nvidia-ml-py instead. If you did not install pynvml directly, please report this to the maintainers of the package that installed pynvml for you.
  import pynvml  # type: ignore[import]
/data1/conda/envs/orthus/lib/python3.11/site-packages/torch/cuda/__init__.py:63: FutureWarning: The pynvml package is deprecated. Please install nvidia-ml-py instead. If you did not install pynvml directly, please report this to the maintainers of the package that installed pynvml for you.
  import pynvml  # type: ignore[import]
/data1/conda/envs/orthus/lib/python3.11/site-packages/torch/cuda/__init__.py:63: FutureWarning: The pynvml package is deprecated. Please install nvidia-ml-py instead. If you did not install pynvml directly, please report this to the maintainers of the package that installed pynvml for you.
  import pynvml  # type: ignore[import]
/data1/conda/envs/orthus/lib/python3.11/site-packages/torch/cuda/__init__.py:63: FutureWarning: The pynvml package is deprecated. Please install nvidia-ml-py instead. If you did not install pynvml directly, please report this to the maintainers of the package that installed pynvml for you.
  import pynvml  # type: ignore[import]
/data1/conda/envs/orthus/lib/python3.11/site-packages/torch/cuda/__init__.py:63: FutureWarning: The pynvml package is deprecated. Please install nvidia-ml-py instead. If you did not install pynvml directly, please report this to the maintainers of the package that installed pynvml for you.
  import pynvml  # type: ignore[import]
/data1/conda/envs/orthus/lib/python3.11/site-packages/torch/cuda/__init__.py:63: FutureWarning: The pynvml package is deprecated. Please install nvidia-ml-py instead. If you did not install pynvml directly, please report this to the maintainers of the package that installed pynvml for you.
  import pynvml  # type: ignore[import]
/data1/conda/envs/orthus/lib/python3.11/site-packages/torch/cuda/__init__.py:63: FutureWarning: The pynvml package is deprecated. Please install nvidia-ml-py instead. If you did not install pynvml directly, please report this to the maintainers of the package that installed pynvml for you.
  import pynvml  # type: ignore[import]
Traceback (most recent call last):
  File "/data1/oujingfeng/project/twgi/Orthus/train/grpo/grpo_orthus.py", line 15, in <module>
    from grpo_trainer_orthus import (
  File "/data1/oujingfeng/project/twgi/Orthus/train/grpo/grpo_trainer_orthus.py", line 97
    if getattr(self.peft_config, \"modules_to_save\", None):
                                  ^
SyntaxError: unexpected character after line continuation character
Traceback (most recent call last):
  File "/data1/oujingfeng/project/twgi/Orthus/train/grpo/grpo_orthus.py", line 15, in <module>
    from grpo_trainer_orthus import (
  File "/data1/oujingfeng/project/twgi/Orthus/train/grpo/grpo_trainer_orthus.py", line 97
    if getattr(self.peft_config, \"modules_to_save\", None):
                                  ^
SyntaxError: unexpected character after line continuation character
Traceback (most recent call last):
  File "/data1/oujingfeng/project/twgi/Orthus/train/grpo/grpo_orthus.py", line 15, in <module>
    from grpo_trainer_orthus import (
  File "/data1/oujingfeng/project/twgi/Orthus/train/grpo/grpo_trainer_orthus.py", line 97
    if getattr(self.peft_config, \"modules_to_save\", None):
                                  ^
SyntaxError: unexpected character after line continuation character
Traceback (most recent call last):
  File "/data1/oujingfeng/project/twgi/Orthus/train/grpo/grpo_orthus.py", line 15, in <module>
    from grpo_trainer_orthus import (
  File "/data1/oujingfeng/project/twgi/Orthus/train/grpo/grpo_trainer_orthus.py", line 97
    if getattr(self.peft_config, \"modules_to_save\", None):
                                  ^
SyntaxError: unexpected character after line continuation character
Traceback (most recent call last):
  File "/data1/oujingfeng/project/twgi/Orthus/train/grpo/grpo_orthus.py", line 15, in <module>
    from grpo_trainer_orthus import (
  File "/data1/oujingfeng/project/twgi/Orthus/train/grpo/grpo_trainer_orthus.py", line 97
    if getattr(self.peft_config, \"modules_to_save\", None):
                                  ^
SyntaxError: unexpected character after line continuation character
Traceback (most recent call last):
  File "/data1/oujingfeng/project/twgi/Orthus/train/grpo/grpo_orthus.py", line 15, in <module>
    from grpo_trainer_orthus import (
  File "/data1/oujingfeng/project/twgi/Orthus/train/grpo/grpo_trainer_orthus.py", line 97
    if getattr(self.peft_config, \"modules_to_save\", None):
                                  ^
SyntaxError: unexpected character after line continuation character
Traceback (most recent call last):
  File "/data1/oujingfeng/project/twgi/Orthus/train/grpo/grpo_orthus.py", line 15, in <module>
    from grpo_trainer_orthus import (
  File "/data1/oujingfeng/project/twgi/Orthus/train/grpo/grpo_trainer_orthus.py", line 97
    if getattr(self.peft_config, \"modules_to_save\", None):
                                  ^
SyntaxError: unexpected character after line continuation character
Traceback (most recent call last):
  File "/data1/oujingfeng/project/twgi/Orthus/train/grpo/grpo_orthus.py", line 15, in <module>
    from grpo_trainer_orthus import (
  File "/data1/oujingfeng/project/twgi/Orthus/train/grpo/grpo_trainer_orthus.py", line 97
    if getattr(self.peft_config, \"modules_to_save\", None):
                                  ^
SyntaxError: unexpected character after line continuation character
W1103 15:09:06.780000 2054602 site-packages/torch/distributed/elastic/multiprocessing/api.py:900] Sending process 2054854 closing signal SIGTERM
W1103 15:09:06.781000 2054602 site-packages/torch/distributed/elastic/multiprocessing/api.py:900] Sending process 2054855 closing signal SIGTERM
W1103 15:09:06.781000 2054602 site-packages/torch/distributed/elastic/multiprocessing/api.py:900] Sending process 2054856 closing signal SIGTERM
W1103 15:09:06.782000 2054602 site-packages/torch/distributed/elastic/multiprocessing/api.py:900] Sending process 2054858 closing signal SIGTERM
W1103 15:09:06.782000 2054602 site-packages/torch/distributed/elastic/multiprocessing/api.py:900] Sending process 2054859 closing signal SIGTERM
W1103 15:09:06.782000 2054602 site-packages/torch/distributed/elastic/multiprocessing/api.py:900] Sending process 2054860 closing signal SIGTERM
W1103 15:09:06.783000 2054602 site-packages/torch/distributed/elastic/multiprocessing/api.py:900] Sending process 2054861 closing signal SIGTERM
E1103 15:09:07.149000 2054602 site-packages/torch/distributed/elastic/multiprocessing/api.py:874] failed (exitcode: 1) local_rank: 3 (pid: 2054857) of binary: /data1/conda/envs/orthus/bin/python3.11
Traceback (most recent call last):
  File "/data1/conda/envs/orthus/bin/accelerate", line 7, in <module>
    sys.exit(main())
             ^^^^^^
  File "/data1/conda/envs/orthus/lib/python3.11/site-packages/accelerate/commands/accelerate_cli.py", line 50, in main
    args.func(args)
  File "/data1/conda/envs/orthus/lib/python3.11/site-packages/accelerate/commands/launch.py", line 1220, in launch_command
    deepspeed_launcher(args)
  File "/data1/conda/envs/orthus/lib/python3.11/site-packages/accelerate/commands/launch.py", line 906, in deepspeed_launcher
    distrib_run.run(args)
  File "/data1/conda/envs/orthus/lib/python3.11/site-packages/torch/distributed/run.py", line 892, in run
    elastic_launch(
  File "/data1/conda/envs/orthus/lib/python3.11/site-packages/torch/distributed/launcher/api.py", line 143, in __call__
    return launch_agent(self._config, self._entrypoint, list(args))
           ^^^^^^^^^^^^^^^^^^^^^^^^^^^^^^^^^^^^^^^^^^^^^^^^^^^^^^^^
  File "/data1/conda/envs/orthus/lib/python3.11/site-packages/torch/distributed/launcher/api.py", line 277, in launch_agent
    raise ChildFailedError(
torch.distributed.elastic.multiprocessing.errors.ChildFailedError: 
============================================================
/data1/oujingfeng/project/twgi/Orthus/train/grpo/grpo_orthus.py FAILED
------------------------------------------------------------
Failures:
  <NO_OTHER_FAILURES>
------------------------------------------------------------
Root Cause (first observed failure):
[0]:
  time      : 2025-11-03_15:09:06
  host      : server
  rank      : 3 (local_rank: 3)
  exitcode  : 1 (pid: 2054857)
  error_file: <N/A>
  traceback : To enable traceback see: https://pytorch.org/docs/stable/elastic/errors.html
============================================================
