[INFO] Launch command: accelerate launch --config_file /data1/oujingfeng/project/twgi/Orthus/accelerate_config_stage3_offload.yaml --num_processes 8 /data1/oujingfeng/project/twgi/Orthus/train/grpo/grpo_orthus.py --model_name_or_path /data1/oujingfeng/project/twgi/checkpoints/mydatasets/orthus-7b-sft-base-sample80b100ep500l1e-5-weight-F --output_dir /data1/oujingfeng/project/twgi/checkpoints/grpo/orthus-7b-grpo-geneval-v1 --run_name orthus-7b-grpo-geneval-v1 --dataset_name /data1/oujingfeng/project/twgi/datasets/mydatasets/modified_data.json --bf16 True --torch_dtype bfloat16 --attn_implementation flash_attention_2 --gradient_checkpointing True --max_prompt_length 1400 --max_completion_length 256 --per_device_train_batch_size 1 --gradient_accumulation_steps 2 --learning_rate 1e-6 --max_steps 2000 --logging_steps 1 --save_steps 500 --temperature 1.0 --num_generations 2 --generation_batch_size 16 --beta 0 --optim adamw_torch --interleave_generation False --reward_funcs answer_correctness format --reward_smooth True --kl_reweight True --update_ref False --entropy_reward True --use_peft True --lora_r 16 --lora_alpha 32 --lora_dropout 0.05 --lora_task_type CAUSAL_LM --lora_target_modules ['q_proj','k_proj','v_proj','o_proj']
/data1/conda/envs/orthus/lib/python3.11/site-packages/torch/cuda/__init__.py:63: FutureWarning: The pynvml package is deprecated. Please install nvidia-ml-py instead. If you did not install pynvml directly, please report this to the maintainers of the package that installed pynvml for you.
  import pynvml  # type: ignore[import]
W1103 14:39:14.613000 2039575 site-packages/torch/distributed/run.py:774] 
W1103 14:39:14.613000 2039575 site-packages/torch/distributed/run.py:774] *****************************************
W1103 14:39:14.613000 2039575 site-packages/torch/distributed/run.py:774] Setting OMP_NUM_THREADS environment variable for each process to be 1 in default, to avoid your system being overloaded, please further tune the variable for optimal performance in your application as needed. 
W1103 14:39:14.613000 2039575 site-packages/torch/distributed/run.py:774] *****************************************
/data1/conda/envs/orthus/lib/python3.11/site-packages/torch/cuda/__init__.py:63: FutureWarning: The pynvml package is deprecated. Please install nvidia-ml-py instead. If you did not install pynvml directly, please report this to the maintainers of the package that installed pynvml for you.
  import pynvml  # type: ignore[import]
/data1/conda/envs/orthus/lib/python3.11/site-packages/torch/cuda/__init__.py:63: FutureWarning: The pynvml package is deprecated. Please install nvidia-ml-py instead. If you did not install pynvml directly, please report this to the maintainers of the package that installed pynvml for you.
  import pynvml  # type: ignore[import]
/data1/conda/envs/orthus/lib/python3.11/site-packages/torch/cuda/__init__.py:63: FutureWarning: The pynvml package is deprecated. Please install nvidia-ml-py instead. If you did not install pynvml directly, please report this to the maintainers of the package that installed pynvml for you.
  import pynvml  # type: ignore[import]
/data1/conda/envs/orthus/lib/python3.11/site-packages/torch/cuda/__init__.py:63: FutureWarning: The pynvml package is deprecated. Please install nvidia-ml-py instead. If you did not install pynvml directly, please report this to the maintainers of the package that installed pynvml for you.
  import pynvml  # type: ignore[import]
/data1/conda/envs/orthus/lib/python3.11/site-packages/torch/cuda/__init__.py:63: FutureWarning: The pynvml package is deprecated. Please install nvidia-ml-py instead. If you did not install pynvml directly, please report this to the maintainers of the package that installed pynvml for you.
  import pynvml  # type: ignore[import]
/data1/conda/envs/orthus/lib/python3.11/site-packages/torch/cuda/__init__.py:63: FutureWarning: The pynvml package is deprecated. Please install nvidia-ml-py instead. If you did not install pynvml directly, please report this to the maintainers of the package that installed pynvml for you.
  import pynvml  # type: ignore[import]
/data1/conda/envs/orthus/lib/python3.11/site-packages/torch/cuda/__init__.py:63: FutureWarning: The pynvml package is deprecated. Please install nvidia-ml-py instead. If you did not install pynvml directly, please report this to the maintainers of the package that installed pynvml for you.
  import pynvml  # type: ignore[import]
/data1/conda/envs/orthus/lib/python3.11/site-packages/torch/cuda/__init__.py:63: FutureWarning: The pynvml package is deprecated. Please install nvidia-ml-py instead. If you did not install pynvml directly, please report this to the maintainers of the package that installed pynvml for you.
  import pynvml  # type: ignore[import]
NCCL version 2.27.3+cuda12.9
/data1/conda/envs/orthus/lib/python3.11/site-packages/trl/trainer/model_config.py:194: FutureWarning: `torch_dtype` is deprecated and will be removed in version 0.27.0, please use `dtype` instead.
  warnings.warn(
Random seed set to 42
--- [Step 1/3] Loading dataset... ---
/data1/conda/envs/orthus/lib/python3.11/site-packages/trl/trainer/model_config.py:194: FutureWarning: `torch_dtype` is deprecated and will be removed in version 0.27.0, please use `dtype` instead.
  warnings.warn(
Random seed set to 42
--- [Step 1/3] Loading dataset... ---
/data1/conda/envs/orthus/lib/python3.11/site-packages/trl/trainer/model_config.py:194: FutureWarning: `torch_dtype` is deprecated and will be removed in version 0.27.0, please use `dtype` instead.
  warnings.warn(
Random seed set to 42
--- [Step 1/3] Loading dataset... ---
/data1/conda/envs/orthus/lib/python3.11/site-packages/trl/trainer/model_config.py:194: FutureWarning: `torch_dtype` is deprecated and will be removed in version 0.27.0, please use `dtype` instead.
  warnings.warn(
Random seed set to 42
--- [Step 1/3] Loading dataset... ---
/data1/conda/envs/orthus/lib/python3.11/site-packages/trl/trainer/model_config.py:194: FutureWarning: `torch_dtype` is deprecated and will be removed in version 0.27.0, please use `dtype` instead.
  warnings.warn(
Random seed set to 42
--- [Step 1/3] Loading dataset... ---
/data1/conda/envs/orthus/lib/python3.11/site-packages/trl/trainer/model_config.py:194: FutureWarning: `torch_dtype` is deprecated and will be removed in version 0.27.0, please use `dtype` instead.
  warnings.warn(
Random seed set to 42
--- [Step 1/3] Loading dataset... ---
/data1/conda/envs/orthus/lib/python3.11/site-packages/trl/trainer/model_config.py:194: FutureWarning: `torch_dtype` is deprecated and will be removed in version 0.27.0, please use `dtype` instead.
  warnings.warn(
Random seed set to 42
--- [Step 1/3] Loading dataset... ---
/data1/conda/envs/orthus/lib/python3.11/site-packages/trl/trainer/model_config.py:194: FutureWarning: `torch_dtype` is deprecated and will be removed in version 0.27.0, please use `dtype` instead.
  warnings.warn(
Random seed set to 42
--- [Step 1/3] Loading dataset... ---
Dataset '/data1/oujingfeng/project/twgi/datasets/mydatasets/modified_data.json' loaded successfully with 100 samples.
Dataset '/data1/oujingfeng/project/twgi/datasets/mydatasets/modified_data.json' loaded successfully with 100 samples.
Dataset formatted.
Enabled reward functions: ['answer_correctness', 'format']
--- [Step 2/3] Initializing OrthusGRPOTrainer... ---
--- OrthusGRPOTrainer Initializing ---
Dataset formatted.
Enabled reward functions: ['answer_correctness', 'format']
--- [Step 2/3] Initializing OrthusGRPOTrainer... ---
--- OrthusGRPOTrainer Initializing ---
[rank2]: Traceback (most recent call last):
[rank2]:   File "/data1/conda/envs/orthus/lib/python3.11/site-packages/transformers/utils/hub.py", line 493, in cached_files
[rank2]:     snapshot_download(
[rank2]:   File "/data1/conda/envs/orthus/lib/python3.11/site-packages/huggingface_hub/utils/_validators.py", line 106, in _inner_fn
[rank2]:     validate_repo_id(arg_value)
[rank2]:   File "/data1/conda/envs/orthus/lib/python3.11/site-packages/huggingface_hub/utils/_validators.py", line 154, in validate_repo_id
[rank2]:     raise HFValidationError(
[rank2]: huggingface_hub.errors.HFValidationError: Repo id must be in the form 'repo_name' or 'namespace/repo_name': '/data1/oujingfeng/project/twgi/checkpoints/mydatasets/orthus-7b-sft-base-sample80b100ep500l1e-5-weight-F'. Use `repo_type` argument if needed.

[rank2]: During handling of the above exception, another exception occurred:

[rank2]: Traceback (most recent call last):
[rank2]:   File "/data1/conda/envs/orthus/lib/python3.11/site-packages/transformers/image_processing_base.py", line 333, in get_image_processor_dict
[rank2]:     resolved_image_processor_files = cached_files(
[rank2]:                                      ^^^^^^^^^^^^^
[rank2]:   File "/data1/conda/envs/orthus/lib/python3.11/site-packages/transformers/utils/hub.py", line 530, in cached_files
[rank2]:     resolved_files = [
[rank2]:                      ^
[rank2]:   File "/data1/conda/envs/orthus/lib/python3.11/site-packages/transformers/utils/hub.py", line 531, in <listcomp>
[rank2]:     _get_cache_file_to_return(path_or_repo_id, filename, cache_dir, revision, repo_type)
[rank2]:   File "/data1/conda/envs/orthus/lib/python3.11/site-packages/transformers/utils/hub.py", line 144, in _get_cache_file_to_return
[rank2]:     resolved_file = try_to_load_from_cache(
[rank2]:                     ^^^^^^^^^^^^^^^^^^^^^^^
[rank2]:   File "/data1/conda/envs/orthus/lib/python3.11/site-packages/huggingface_hub/utils/_validators.py", line 106, in _inner_fn
[rank2]:     validate_repo_id(arg_value)
[rank2]:   File "/data1/conda/envs/orthus/lib/python3.11/site-packages/huggingface_hub/utils/_validators.py", line 154, in validate_repo_id
[rank2]:     raise HFValidationError(
[rank2]: huggingface_hub.errors.HFValidationError: Repo id must be in the form 'repo_name' or 'namespace/repo_name': '/data1/oujingfeng/project/twgi/checkpoints/mydatasets/orthus-7b-sft-base-sample80b100ep500l1e-5-weight-F'. Use `repo_type` argument if needed.

[rank2]: During handling of the above exception, another exception occurred:

[rank2]: Traceback (most recent call last):
[rank2]:   File "/data1/oujingfeng/project/twgi/Orthus/train/grpo/grpo_orthus.py", line 180, in <module>
[rank2]:     main(script_args, training_args, model_args)
[rank2]:   File "/data1/oujingfeng/project/twgi/Orthus/train/grpo/grpo_orthus.py", line 145, in main
[rank2]:     trainer = OrthusGRPOTrainer(
[rank2]:               ^^^^^^^^^^^^^^^^^^
[rank2]:   File "/data1/oujingfeng/project/twgi/Orthus/train/grpo/grpo_trainer_orthus.py", line 68, in __init__
[rank2]:     self.processor = OrthusProcessor.from_pretrained(model if isinstance(model, str) else model.config._name_or_path)
[rank2]:                      ^^^^^^^^^^^^^^^^^^^^^^^^^^^^^^^^^^^^^^^^^^^^^^^^^^^^^^^^^^^^^^^^^^^^^^^^^^^^^^^^^^^^^^^^^^^^^^^^
[rank2]:   File "/data1/conda/envs/orthus/lib/python3.11/site-packages/transformers/processing_utils.py", line 1331, in from_pretrained
[rank2]:     args = cls._get_arguments_from_pretrained(pretrained_model_name_or_path, **kwargs)
[rank2]:            ^^^^^^^^^^^^^^^^^^^^^^^^^^^^^^^^^^^^^^^^^^^^^^^^^^^^^^^^^^^^^^^^^^^^^^^^^^^
[rank2]:   File "/data1/conda/envs/orthus/lib/python3.11/site-packages/transformers/processing_utils.py", line 1390, in _get_arguments_from_pretrained
[rank2]:     args.append(attribute_class.from_pretrained(pretrained_model_name_or_path, **kwargs))
[rank2]:                 ^^^^^^^^^^^^^^^^^^^^^^^^^^^^^^^^^^^^^^^^^^^^^^^^^^^^^^^^^^^^^^^^^^^^^^^^
[rank2]:   File "/data1/conda/envs/orthus/lib/python3.11/site-packages/transformers/image_processing_base.py", line 201, in from_pretrained
[rank2]:     image_processor_dict, kwargs = cls.get_image_processor_dict(pretrained_model_name_or_path, **kwargs)
[rank2]:                                    ^^^^^^^^^^^^^^^^^^^^^^^^^^^^^^^^^^^^^^^^^^^^^^^^^^^^^^^^^^^^^^^^^^^^^
[rank2]:   File "/data1/conda/envs/orthus/lib/python3.11/site-packages/transformers/image_processing_base.py", line 354, in get_image_processor_dict
[rank2]:     raise OSError(
[rank2]: OSError: Can't load image processor for '/data1/oujingfeng/project/twgi/checkpoints/mydatasets/orthus-7b-sft-base-sample80b100ep500l1e-5-weight-F'. If you were trying to load it from 'https://huggingface.co/models', make sure you don't have a local directory with the same name. Otherwise, make sure '/data1/oujingfeng/project/twgi/checkpoints/mydatasets/orthus-7b-sft-base-sample80b100ep500l1e-5-weight-F' is the correct path to a directory containing a preprocessor_config.json file
[rank0]: Traceback (most recent call last):
[rank0]:   File "/data1/conda/envs/orthus/lib/python3.11/site-packages/transformers/utils/hub.py", line 493, in cached_files
[rank0]:     snapshot_download(
[rank0]:   File "/data1/conda/envs/orthus/lib/python3.11/site-packages/huggingface_hub/utils/_validators.py", line 106, in _inner_fn
[rank0]:     validate_repo_id(arg_value)
[rank0]:   File "/data1/conda/envs/orthus/lib/python3.11/site-packages/huggingface_hub/utils/_validators.py", line 154, in validate_repo_id
[rank0]:     raise HFValidationError(
[rank0]: huggingface_hub.errors.HFValidationError: Repo id must be in the form 'repo_name' or 'namespace/repo_name': '/data1/oujingfeng/project/twgi/checkpoints/mydatasets/orthus-7b-sft-base-sample80b100ep500l1e-5-weight-F'. Use `repo_type` argument if needed.

[rank0]: During handling of the above exception, another exception occurred:

[rank0]: Traceback (most recent call last):
[rank0]:   File "/data1/conda/envs/orthus/lib/python3.11/site-packages/transformers/image_processing_base.py", line 333, in get_image_processor_dict
[rank0]:     resolved_image_processor_files = cached_files(
[rank0]:                                      ^^^^^^^^^^^^^
[rank0]:   File "/data1/conda/envs/orthus/lib/python3.11/site-packages/transformers/utils/hub.py", line 530, in cached_files
[rank0]:     resolved_files = [
[rank0]:                      ^
[rank0]:   File "/data1/conda/envs/orthus/lib/python3.11/site-packages/transformers/utils/hub.py", line 531, in <listcomp>
[rank0]:     _get_cache_file_to_return(path_or_repo_id, filename, cache_dir, revision, repo_type)
[rank0]:   File "/data1/conda/envs/orthus/lib/python3.11/site-packages/transformers/utils/hub.py", line 144, in _get_cache_file_to_return
[rank0]:     resolved_file = try_to_load_from_cache(
[rank0]:                     ^^^^^^^^^^^^^^^^^^^^^^^
[rank0]:   File "/data1/conda/envs/orthus/lib/python3.11/site-packages/huggingface_hub/utils/_validators.py", line 106, in _inner_fn
[rank0]:     validate_repo_id(arg_value)
[rank0]:   File "/data1/conda/envs/orthus/lib/python3.11/site-packages/huggingface_hub/utils/_validators.py", line 154, in validate_repo_id
[rank0]:     raise HFValidationError(
[rank0]: huggingface_hub.errors.HFValidationError: Repo id must be in the form 'repo_name' or 'namespace/repo_name': '/data1/oujingfeng/project/twgi/checkpoints/mydatasets/orthus-7b-sft-base-sample80b100ep500l1e-5-weight-F'. Use `repo_type` argument if needed.

[rank0]: During handling of the above exception, another exception occurred:

[rank0]: Traceback (most recent call last):
[rank0]:   File "/data1/oujingfeng/project/twgi/Orthus/train/grpo/grpo_orthus.py", line 180, in <module>
[rank0]:     main(script_args, training_args, model_args)
[rank0]:   File "/data1/oujingfeng/project/twgi/Orthus/train/grpo/grpo_orthus.py", line 145, in main
[rank0]:     trainer = OrthusGRPOTrainer(
[rank0]:               ^^^^^^^^^^^^^^^^^^
[rank0]:   File "/data1/oujingfeng/project/twgi/Orthus/train/grpo/grpo_trainer_orthus.py", line 68, in __init__
[rank0]:     self.processor = OrthusProcessor.from_pretrained(model if isinstance(model, str) else model.config._name_or_path)
[rank0]:                      ^^^^^^^^^^^^^^^^^^^^^^^^^^^^^^^^^^^^^^^^^^^^^^^^^^^^^^^^^^^^^^^^^^^^^^^^^^^^^^^^^^^^^^^^^^^^^^^^
[rank0]:   File "/data1/conda/envs/orthus/lib/python3.11/site-packages/transformers/processing_utils.py", line 1331, in from_pretrained
[rank0]:     args = cls._get_arguments_from_pretrained(pretrained_model_name_or_path, **kwargs)
[rank0]:            ^^^^^^^^^^^^^^^^^^^^^^^^^^^^^^^^^^^^^^^^^^^^^^^^^^^^^^^^^^^^^^^^^^^^^^^^^^^
[rank0]:   File "/data1/conda/envs/orthus/lib/python3.11/site-packages/transformers/processing_utils.py", line 1390, in _get_arguments_from_pretrained
[rank0]:     args.append(attribute_class.from_pretrained(pretrained_model_name_or_path, **kwargs))
[rank0]:                 ^^^^^^^^^^^^^^^^^^^^^^^^^^^^^^^^^^^^^^^^^^^^^^^^^^^^^^^^^^^^^^^^^^^^^^^^
[rank0]:   File "/data1/conda/envs/orthus/lib/python3.11/site-packages/transformers/image_processing_base.py", line 201, in from_pretrained
[rank0]:     image_processor_dict, kwargs = cls.get_image_processor_dict(pretrained_model_name_or_path, **kwargs)
[rank0]:                                    ^^^^^^^^^^^^^^^^^^^^^^^^^^^^^^^^^^^^^^^^^^^^^^^^^^^^^^^^^^^^^^^^^^^^^
[rank0]:   File "/data1/conda/envs/orthus/lib/python3.11/site-packages/transformers/image_processing_base.py", line 354, in get_image_processor_dict
[rank0]:     raise OSError(
[rank0]: OSError: Can't load image processor for '/data1/oujingfeng/project/twgi/checkpoints/mydatasets/orthus-7b-sft-base-sample80b100ep500l1e-5-weight-F'. If you were trying to load it from 'https://huggingface.co/models', make sure you don't have a local directory with the same name. Otherwise, make sure '/data1/oujingfeng/project/twgi/checkpoints/mydatasets/orthus-7b-sft-base-sample80b100ep500l1e-5-weight-F' is the correct path to a directory containing a preprocessor_config.json file
Dataset '/data1/oujingfeng/project/twgi/datasets/mydatasets/modified_data.json' loaded successfully with 100 samples.
Dataset '/data1/oujingfeng/project/twgi/datasets/mydatasets/modified_data.json' loaded successfully with 100 samples.
Dataset formatted.
Enabled reward functions: ['answer_correctness', 'format']
--- [Step 2/3] Initializing OrthusGRPOTrainer... ---
--- OrthusGRPOTrainer Initializing ---
Dataset formatted.
Enabled reward functions: ['answer_correctness', 'format']
--- [Step 2/3] Initializing OrthusGRPOTrainer... ---
--- OrthusGRPOTrainer Initializing ---
[rank3]: Traceback (most recent call last):
[rank3]:   File "/data1/conda/envs/orthus/lib/python3.11/site-packages/transformers/utils/hub.py", line 493, in cached_files
[rank3]:     snapshot_download(
[rank3]:   File "/data1/conda/envs/orthus/lib/python3.11/site-packages/huggingface_hub/utils/_validators.py", line 106, in _inner_fn
[rank3]:     validate_repo_id(arg_value)
[rank3]:   File "/data1/conda/envs/orthus/lib/python3.11/site-packages/huggingface_hub/utils/_validators.py", line 154, in validate_repo_id
[rank3]:     raise HFValidationError(
[rank3]: huggingface_hub.errors.HFValidationError: Repo id must be in the form 'repo_name' or 'namespace/repo_name': '/data1/oujingfeng/project/twgi/checkpoints/mydatasets/orthus-7b-sft-base-sample80b100ep500l1e-5-weight-F'. Use `repo_type` argument if needed.

[rank3]: During handling of the above exception, another exception occurred:

[rank3]: Traceback (most recent call last):
[rank3]:   File "/data1/conda/envs/orthus/lib/python3.11/site-packages/transformers/image_processing_base.py", line 333, in get_image_processor_dict
[rank3]:     resolved_image_processor_files = cached_files(
[rank3]:                                      ^^^^^^^^^^^^^
[rank3]:   File "/data1/conda/envs/orthus/lib/python3.11/site-packages/transformers/utils/hub.py", line 530, in cached_files
[rank3]:     resolved_files = [
[rank3]:                      ^
[rank3]:   File "/data1/conda/envs/orthus/lib/python3.11/site-packages/transformers/utils/hub.py", line 531, in <listcomp>
[rank3]:     _get_cache_file_to_return(path_or_repo_id, filename, cache_dir, revision, repo_type)
[rank3]:   File "/data1/conda/envs/orthus/lib/python3.11/site-packages/transformers/utils/hub.py", line 144, in _get_cache_file_to_return
[rank3]:     resolved_file = try_to_load_from_cache(
[rank3]:                     ^^^^^^^^^^^^^^^^^^^^^^^
[rank3]:   File "/data1/conda/envs/orthus/lib/python3.11/site-packages/huggingface_hub/utils/_validators.py", line 106, in _inner_fn
[rank3]:     validate_repo_id(arg_value)
[rank3]:   File "/data1/conda/envs/orthus/lib/python3.11/site-packages/huggingface_hub/utils/_validators.py", line 154, in validate_repo_id
[rank3]:     raise HFValidationError(
[rank3]: huggingface_hub.errors.HFValidationError: Repo id must be in the form 'repo_name' or 'namespace/repo_name': '/data1/oujingfeng/project/twgi/checkpoints/mydatasets/orthus-7b-sft-base-sample80b100ep500l1e-5-weight-F'. Use `repo_type` argument if needed.

[rank3]: During handling of the above exception, another exception occurred:

[rank3]: Traceback (most recent call last):
[rank3]:   File "/data1/oujingfeng/project/twgi/Orthus/train/grpo/grpo_orthus.py", line 180, in <module>
[rank3]:     main(script_args, training_args, model_args)
[rank3]:   File "/data1/oujingfeng/project/twgi/Orthus/train/grpo/grpo_orthus.py", line 145, in main
[rank3]:     trainer = OrthusGRPOTrainer(
[rank3]:               ^^^^^^^^^^^^^^^^^^
[rank3]:   File "/data1/oujingfeng/project/twgi/Orthus/train/grpo/grpo_trainer_orthus.py", line 68, in __init__
[rank3]:     self.processor = OrthusProcessor.from_pretrained(model if isinstance(model, str) else model.config._name_or_path)
[rank3]:                      ^^^^^^^^^^^^^^^^^^^^^^^^^^^^^^^^^^^^^^^^^^^^^^^^^^^^^^^^^^^^^^^^^^^^^^^^^^^^^^^^^^^^^^^^^^^^^^^^
[rank3]:   File "/data1/conda/envs/orthus/lib/python3.11/site-packages/transformers/processing_utils.py", line 1331, in from_pretrained
[rank3]:     args = cls._get_arguments_from_pretrained(pretrained_model_name_or_path, **kwargs)
[rank3]:            ^^^^^^^^^^^^^^^^^^^^^^^^^^^^^^^^^^^^^^^^^^^^^^^^^^^^^^^^^^^^^^^^^^^^^^^^^^^
[rank3]:   File "/data1/conda/envs/orthus/lib/python3.11/site-packages/transformers/processing_utils.py", line 1390, in _get_arguments_from_pretrained
[rank3]:     args.append(attribute_class.from_pretrained(pretrained_model_name_or_path, **kwargs))
[rank3]:                 ^^^^^^^^^^^^^^^^^^^^^^^^^^^^^^^^^^^^^^^^^^^^^^^^^^^^^^^^^^^^^^^^^^^^^^^^
[rank3]:   File "/data1/conda/envs/orthus/lib/python3.11/site-packages/transformers/image_processing_base.py", line 201, in from_pretrained
[rank3]:     image_processor_dict, kwargs = cls.get_image_processor_dict(pretrained_model_name_or_path, **kwargs)
[rank3]:                                    ^^^^^^^^^^^^^^^^^^^^^^^^^^^^^^^^^^^^^^^^^^^^^^^^^^^^^^^^^^^^^^^^^^^^^
[rank3]:   File "/data1/conda/envs/orthus/lib/python3.11/site-packages/transformers/image_processing_base.py", line 354, in get_image_processor_dict
[rank3]:     raise OSError(
[rank3]: OSError: Can't load image processor for '/data1/oujingfeng/project/twgi/checkpoints/mydatasets/orthus-7b-sft-base-sample80b100ep500l1e-5-weight-F'. If you were trying to load it from 'https://huggingface.co/models', make sure you don't have a local directory with the same name. Otherwise, make sure '/data1/oujingfeng/project/twgi/checkpoints/mydatasets/orthus-7b-sft-base-sample80b100ep500l1e-5-weight-F' is the correct path to a directory containing a preprocessor_config.json file
[rank4]: Traceback (most recent call last):
[rank4]:   File "/data1/conda/envs/orthus/lib/python3.11/site-packages/transformers/utils/hub.py", line 493, in cached_files
[rank4]:     snapshot_download(
[rank4]:   File "/data1/conda/envs/orthus/lib/python3.11/site-packages/huggingface_hub/utils/_validators.py", line 106, in _inner_fn
[rank4]:     validate_repo_id(arg_value)
[rank4]:   File "/data1/conda/envs/orthus/lib/python3.11/site-packages/huggingface_hub/utils/_validators.py", line 154, in validate_repo_id
[rank4]:     raise HFValidationError(
[rank4]: huggingface_hub.errors.HFValidationError: Repo id must be in the form 'repo_name' or 'namespace/repo_name': '/data1/oujingfeng/project/twgi/checkpoints/mydatasets/orthus-7b-sft-base-sample80b100ep500l1e-5-weight-F'. Use `repo_type` argument if needed.

[rank4]: During handling of the above exception, another exception occurred:

[rank4]: Traceback (most recent call last):
[rank4]:   File "/data1/conda/envs/orthus/lib/python3.11/site-packages/transformers/image_processing_base.py", line 333, in get_image_processor_dict
[rank4]:     resolved_image_processor_files = cached_files(
[rank4]:                                      ^^^^^^^^^^^^^
[rank4]:   File "/data1/conda/envs/orthus/lib/python3.11/site-packages/transformers/utils/hub.py", line 530, in cached_files
[rank4]:     resolved_files = [
[rank4]:                      ^
[rank4]:   File "/data1/conda/envs/orthus/lib/python3.11/site-packages/transformers/utils/hub.py", line 531, in <listcomp>
[rank4]:     _get_cache_file_to_return(path_or_repo_id, filename, cache_dir, revision, repo_type)
[rank4]:   File "/data1/conda/envs/orthus/lib/python3.11/site-packages/transformers/utils/hub.py", line 144, in _get_cache_file_to_return
[rank4]:     resolved_file = try_to_load_from_cache(
[rank4]:                     ^^^^^^^^^^^^^^^^^^^^^^^
[rank4]:   File "/data1/conda/envs/orthus/lib/python3.11/site-packages/huggingface_hub/utils/_validators.py", line 106, in _inner_fn
[rank4]:     validate_repo_id(arg_value)
[rank4]:   File "/data1/conda/envs/orthus/lib/python3.11/site-packages/huggingface_hub/utils/_validators.py", line 154, in validate_repo_id
[rank4]:     raise HFValidationError(
[rank4]: huggingface_hub.errors.HFValidationError: Repo id must be in the form 'repo_name' or 'namespace/repo_name': '/data1/oujingfeng/project/twgi/checkpoints/mydatasets/orthus-7b-sft-base-sample80b100ep500l1e-5-weight-F'. Use `repo_type` argument if needed.

[rank4]: During handling of the above exception, another exception occurred:

[rank4]: Traceback (most recent call last):
[rank4]:   File "/data1/oujingfeng/project/twgi/Orthus/train/grpo/grpo_orthus.py", line 180, in <module>
[rank4]:     main(script_args, training_args, model_args)
[rank4]:   File "/data1/oujingfeng/project/twgi/Orthus/train/grpo/grpo_orthus.py", line 145, in main
[rank4]:     trainer = OrthusGRPOTrainer(
[rank4]:               ^^^^^^^^^^^^^^^^^^
[rank4]:   File "/data1/oujingfeng/project/twgi/Orthus/train/grpo/grpo_trainer_orthus.py", line 68, in __init__
[rank4]:     self.processor = OrthusProcessor.from_pretrained(model if isinstance(model, str) else model.config._name_or_path)
[rank4]:                      ^^^^^^^^^^^^^^^^^^^^^^^^^^^^^^^^^^^^^^^^^^^^^^^^^^^^^^^^^^^^^^^^^^^^^^^^^^^^^^^^^^^^^^^^^^^^^^^^
[rank4]:   File "/data1/conda/envs/orthus/lib/python3.11/site-packages/transformers/processing_utils.py", line 1331, in from_pretrained
[rank4]:     args = cls._get_arguments_from_pretrained(pretrained_model_name_or_path, **kwargs)
[rank4]:            ^^^^^^^^^^^^^^^^^^^^^^^^^^^^^^^^^^^^^^^^^^^^^^^^^^^^^^^^^^^^^^^^^^^^^^^^^^^
[rank4]:   File "/data1/conda/envs/orthus/lib/python3.11/site-packages/transformers/processing_utils.py", line 1390, in _get_arguments_from_pretrained
[rank4]:     args.append(attribute_class.from_pretrained(pretrained_model_name_or_path, **kwargs))
[rank4]:                 ^^^^^^^^^^^^^^^^^^^^^^^^^^^^^^^^^^^^^^^^^^^^^^^^^^^^^^^^^^^^^^^^^^^^^^^^
[rank4]:   File "/data1/conda/envs/orthus/lib/python3.11/site-packages/transformers/image_processing_base.py", line 201, in from_pretrained
[rank4]:     image_processor_dict, kwargs = cls.get_image_processor_dict(pretrained_model_name_or_path, **kwargs)
[rank4]:                                    ^^^^^^^^^^^^^^^^^^^^^^^^^^^^^^^^^^^^^^^^^^^^^^^^^^^^^^^^^^^^^^^^^^^^^
[rank4]:   File "/data1/conda/envs/orthus/lib/python3.11/site-packages/transformers/image_processing_base.py", line 354, in get_image_processor_dict
[rank4]:     raise OSError(
[rank4]: OSError: Can't load image processor for '/data1/oujingfeng/project/twgi/checkpoints/mydatasets/orthus-7b-sft-base-sample80b100ep500l1e-5-weight-F'. If you were trying to load it from 'https://huggingface.co/models', make sure you don't have a local directory with the same name. Otherwise, make sure '/data1/oujingfeng/project/twgi/checkpoints/mydatasets/orthus-7b-sft-base-sample80b100ep500l1e-5-weight-F' is the correct path to a directory containing a preprocessor_config.json file
Dataset '/data1/oujingfeng/project/twgi/datasets/mydatasets/modified_data.json' loaded successfully with 100 samples.
Dataset formatted.
Enabled reward functions: ['answer_correctness', 'format']
--- [Step 2/3] Initializing OrthusGRPOTrainer... ---
--- OrthusGRPOTrainer Initializing ---
[rank6]: Traceback (most recent call last):
[rank6]:   File "/data1/conda/envs/orthus/lib/python3.11/site-packages/transformers/utils/hub.py", line 493, in cached_files
[rank6]:     snapshot_download(
[rank6]:   File "/data1/conda/envs/orthus/lib/python3.11/site-packages/huggingface_hub/utils/_validators.py", line 106, in _inner_fn
[rank6]:     validate_repo_id(arg_value)
[rank6]:   File "/data1/conda/envs/orthus/lib/python3.11/site-packages/huggingface_hub/utils/_validators.py", line 154, in validate_repo_id
[rank6]:     raise HFValidationError(
[rank6]: huggingface_hub.errors.HFValidationError: Repo id must be in the form 'repo_name' or 'namespace/repo_name': '/data1/oujingfeng/project/twgi/checkpoints/mydatasets/orthus-7b-sft-base-sample80b100ep500l1e-5-weight-F'. Use `repo_type` argument if needed.

[rank6]: During handling of the above exception, another exception occurred:

[rank6]: Traceback (most recent call last):
[rank6]:   File "/data1/conda/envs/orthus/lib/python3.11/site-packages/transformers/image_processing_base.py", line 333, in get_image_processor_dict
[rank6]:     resolved_image_processor_files = cached_files(
[rank6]:                                      ^^^^^^^^^^^^^
[rank6]:   File "/data1/conda/envs/orthus/lib/python3.11/site-packages/transformers/utils/hub.py", line 530, in cached_files
[rank6]:     resolved_files = [
[rank6]:                      ^
[rank6]:   File "/data1/conda/envs/orthus/lib/python3.11/site-packages/transformers/utils/hub.py", line 531, in <listcomp>
[rank6]:     _get_cache_file_to_return(path_or_repo_id, filename, cache_dir, revision, repo_type)
[rank6]:   File "/data1/conda/envs/orthus/lib/python3.11/site-packages/transformers/utils/hub.py", line 144, in _get_cache_file_to_return
[rank6]:     resolved_file = try_to_load_from_cache(
[rank6]:                     ^^^^^^^^^^^^^^^^^^^^^^^
[rank6]:   File "/data1/conda/envs/orthus/lib/python3.11/site-packages/huggingface_hub/utils/_validators.py", line 106, in _inner_fn
[rank6]:     validate_repo_id(arg_value)
[rank6]:   File "/data1/conda/envs/orthus/lib/python3.11/site-packages/huggingface_hub/utils/_validators.py", line 154, in validate_repo_id
[rank6]:     raise HFValidationError(
[rank6]: huggingface_hub.errors.HFValidationError: Repo id must be in the form 'repo_name' or 'namespace/repo_name': '/data1/oujingfeng/project/twgi/checkpoints/mydatasets/orthus-7b-sft-base-sample80b100ep500l1e-5-weight-F'. Use `repo_type` argument if needed.

[rank6]: During handling of the above exception, another exception occurred:

[rank6]: Traceback (most recent call last):
[rank6]:   File "/data1/oujingfeng/project/twgi/Orthus/train/grpo/grpo_orthus.py", line 180, in <module>
[rank6]:     main(script_args, training_args, model_args)
[rank6]:   File "/data1/oujingfeng/project/twgi/Orthus/train/grpo/grpo_orthus.py", line 145, in main
[rank6]:     trainer = OrthusGRPOTrainer(
[rank6]:               ^^^^^^^^^^^^^^^^^^
[rank6]:   File "/data1/oujingfeng/project/twgi/Orthus/train/grpo/grpo_trainer_orthus.py", line 68, in __init__
[rank6]:     self.processor = OrthusProcessor.from_pretrained(model if isinstance(model, str) else model.config._name_or_path)
[rank6]:                      ^^^^^^^^^^^^^^^^^^^^^^^^^^^^^^^^^^^^^^^^^^^^^^^^^^^^^^^^^^^^^^^^^^^^^^^^^^^^^^^^^^^^^^^^^^^^^^^^
[rank6]:   File "/data1/conda/envs/orthus/lib/python3.11/site-packages/transformers/processing_utils.py", line 1331, in from_pretrained
[rank6]:     args = cls._get_arguments_from_pretrained(pretrained_model_name_or_path, **kwargs)
[rank6]:            ^^^^^^^^^^^^^^^^^^^^^^^^^^^^^^^^^^^^^^^^^^^^^^^^^^^^^^^^^^^^^^^^^^^^^^^^^^^
[rank6]:   File "/data1/conda/envs/orthus/lib/python3.11/site-packages/transformers/processing_utils.py", line 1390, in _get_arguments_from_pretrained
[rank6]:     args.append(attribute_class.from_pretrained(pretrained_model_name_or_path, **kwargs))
[rank6]:                 ^^^^^^^^^^^^^^^^^^^^^^^^^^^^^^^^^^^^^^^^^^^^^^^^^^^^^^^^^^^^^^^^^^^^^^^^
[rank6]:   File "/data1/conda/envs/orthus/lib/python3.11/site-packages/transformers/image_processing_base.py", line 201, in from_pretrained
[rank6]:     image_processor_dict, kwargs = cls.get_image_processor_dict(pretrained_model_name_or_path, **kwargs)
[rank6]:                                    ^^^^^^^^^^^^^^^^^^^^^^^^^^^^^^^^^^^^^^^^^^^^^^^^^^^^^^^^^^^^^^^^^^^^^
[rank6]:   File "/data1/conda/envs/orthus/lib/python3.11/site-packages/transformers/image_processing_base.py", line 354, in get_image_processor_dict
[rank6]:     raise OSError(
[rank6]: OSError: Can't load image processor for '/data1/oujingfeng/project/twgi/checkpoints/mydatasets/orthus-7b-sft-base-sample80b100ep500l1e-5-weight-F'. If you were trying to load it from 'https://huggingface.co/models', make sure you don't have a local directory with the same name. Otherwise, make sure '/data1/oujingfeng/project/twgi/checkpoints/mydatasets/orthus-7b-sft-base-sample80b100ep500l1e-5-weight-F' is the correct path to a directory containing a preprocessor_config.json file
Dataset '/data1/oujingfeng/project/twgi/datasets/mydatasets/modified_data.json' loaded successfully with 100 samples.
Dataset formatted.
Enabled reward functions: ['answer_correctness', 'format']
--- [Step 2/3] Initializing OrthusGRPOTrainer... ---
--- OrthusGRPOTrainer Initializing ---
[rank7]: Traceback (most recent call last):
[rank7]:   File "/data1/conda/envs/orthus/lib/python3.11/site-packages/transformers/utils/hub.py", line 493, in cached_files
[rank7]:     snapshot_download(
[rank7]:   File "/data1/conda/envs/orthus/lib/python3.11/site-packages/huggingface_hub/utils/_validators.py", line 106, in _inner_fn
[rank7]:     validate_repo_id(arg_value)
[rank7]:   File "/data1/conda/envs/orthus/lib/python3.11/site-packages/huggingface_hub/utils/_validators.py", line 154, in validate_repo_id
[rank7]:     raise HFValidationError(
[rank7]: huggingface_hub.errors.HFValidationError: Repo id must be in the form 'repo_name' or 'namespace/repo_name': '/data1/oujingfeng/project/twgi/checkpoints/mydatasets/orthus-7b-sft-base-sample80b100ep500l1e-5-weight-F'. Use `repo_type` argument if needed.

[rank7]: During handling of the above exception, another exception occurred:

[rank7]: Traceback (most recent call last):
[rank7]:   File "/data1/conda/envs/orthus/lib/python3.11/site-packages/transformers/image_processing_base.py", line 333, in get_image_processor_dict
[rank7]:     resolved_image_processor_files = cached_files(
[rank7]:                                      ^^^^^^^^^^^^^
[rank7]:   File "/data1/conda/envs/orthus/lib/python3.11/site-packages/transformers/utils/hub.py", line 530, in cached_files
[rank7]:     resolved_files = [
[rank7]:                      ^
[rank7]:   File "/data1/conda/envs/orthus/lib/python3.11/site-packages/transformers/utils/hub.py", line 531, in <listcomp>
[rank7]:     _get_cache_file_to_return(path_or_repo_id, filename, cache_dir, revision, repo_type)
[rank7]:   File "/data1/conda/envs/orthus/lib/python3.11/site-packages/transformers/utils/hub.py", line 144, in _get_cache_file_to_return
[rank7]:     resolved_file = try_to_load_from_cache(
[rank7]:                     ^^^^^^^^^^^^^^^^^^^^^^^
[rank7]:   File "/data1/conda/envs/orthus/lib/python3.11/site-packages/huggingface_hub/utils/_validators.py", line 106, in _inner_fn
[rank7]:     validate_repo_id(arg_value)
[rank7]:   File "/data1/conda/envs/orthus/lib/python3.11/site-packages/huggingface_hub/utils/_validators.py", line 154, in validate_repo_id
[rank7]:     raise HFValidationError(
[rank7]: huggingface_hub.errors.HFValidationError: Repo id must be in the form 'repo_name' or 'namespace/repo_name': '/data1/oujingfeng/project/twgi/checkpoints/mydatasets/orthus-7b-sft-base-sample80b100ep500l1e-5-weight-F'. Use `repo_type` argument if needed.

[rank7]: During handling of the above exception, another exception occurred:

[rank7]: Traceback (most recent call last):
[rank7]:   File "/data1/oujingfeng/project/twgi/Orthus/train/grpo/grpo_orthus.py", line 180, in <module>
[rank7]:     main(script_args, training_args, model_args)
[rank7]:   File "/data1/oujingfeng/project/twgi/Orthus/train/grpo/grpo_orthus.py", line 145, in main
[rank7]:     trainer = OrthusGRPOTrainer(
[rank7]:               ^^^^^^^^^^^^^^^^^^
[rank7]:   File "/data1/oujingfeng/project/twgi/Orthus/train/grpo/grpo_trainer_orthus.py", line 68, in __init__
[rank7]:     self.processor = OrthusProcessor.from_pretrained(model if isinstance(model, str) else model.config._name_or_path)
[rank7]:                      ^^^^^^^^^^^^^^^^^^^^^^^^^^^^^^^^^^^^^^^^^^^^^^^^^^^^^^^^^^^^^^^^^^^^^^^^^^^^^^^^^^^^^^^^^^^^^^^^
[rank7]:   File "/data1/conda/envs/orthus/lib/python3.11/site-packages/transformers/processing_utils.py", line 1331, in from_pretrained
[rank7]:     args = cls._get_arguments_from_pretrained(pretrained_model_name_or_path, **kwargs)
[rank7]:            ^^^^^^^^^^^^^^^^^^^^^^^^^^^^^^^^^^^^^^^^^^^^^^^^^^^^^^^^^^^^^^^^^^^^^^^^^^^
[rank7]:   File "/data1/conda/envs/orthus/lib/python3.11/site-packages/transformers/processing_utils.py", line 1390, in _get_arguments_from_pretrained
[rank7]:     args.append(attribute_class.from_pretrained(pretrained_model_name_or_path, **kwargs))
[rank7]:                 ^^^^^^^^^^^^^^^^^^^^^^^^^^^^^^^^^^^^^^^^^^^^^^^^^^^^^^^^^^^^^^^^^^^^^^^^
[rank7]:   File "/data1/conda/envs/orthus/lib/python3.11/site-packages/transformers/image_processing_base.py", line 201, in from_pretrained
[rank7]:     image_processor_dict, kwargs = cls.get_image_processor_dict(pretrained_model_name_or_path, **kwargs)
[rank7]:                                    ^^^^^^^^^^^^^^^^^^^^^^^^^^^^^^^^^^^^^^^^^^^^^^^^^^^^^^^^^^^^^^^^^^^^^
[rank7]:   File "/data1/conda/envs/orthus/lib/python3.11/site-packages/transformers/image_processing_base.py", line 354, in get_image_processor_dict
[rank7]:     raise OSError(
[rank7]: OSError: Can't load image processor for '/data1/oujingfeng/project/twgi/checkpoints/mydatasets/orthus-7b-sft-base-sample80b100ep500l1e-5-weight-F'. If you were trying to load it from 'https://huggingface.co/models', make sure you don't have a local directory with the same name. Otherwise, make sure '/data1/oujingfeng/project/twgi/checkpoints/mydatasets/orthus-7b-sft-base-sample80b100ep500l1e-5-weight-F' is the correct path to a directory containing a preprocessor_config.json file
Dataset '/data1/oujingfeng/project/twgi/datasets/mydatasets/modified_data.json' loaded successfully with 100 samples.
[rank0]:[W1103 14:39:27.166462059 ProcessGroupNCCL.cpp:1538] Warning: WARNING: destroy_process_group() was not called before program exit, which can leak resources. For more info, please see https://pytorch.org/docs/stable/distributed.html#shutdown (function operator())
Dataset formatted.
Enabled reward functions: ['answer_correctness', 'format']
--- [Step 2/3] Initializing OrthusGRPOTrainer... ---
--- OrthusGRPOTrainer Initializing ---
[rank1]: Traceback (most recent call last):
[rank1]:   File "/data1/conda/envs/orthus/lib/python3.11/site-packages/transformers/utils/hub.py", line 493, in cached_files
[rank1]:     snapshot_download(
[rank1]:   File "/data1/conda/envs/orthus/lib/python3.11/site-packages/huggingface_hub/utils/_validators.py", line 106, in _inner_fn
[rank1]:     validate_repo_id(arg_value)
[rank1]:   File "/data1/conda/envs/orthus/lib/python3.11/site-packages/huggingface_hub/utils/_validators.py", line 154, in validate_repo_id
[rank1]:     raise HFValidationError(
[rank1]: huggingface_hub.errors.HFValidationError: Repo id must be in the form 'repo_name' or 'namespace/repo_name': '/data1/oujingfeng/project/twgi/checkpoints/mydatasets/orthus-7b-sft-base-sample80b100ep500l1e-5-weight-F'. Use `repo_type` argument if needed.

[rank1]: During handling of the above exception, another exception occurred:

[rank1]: Traceback (most recent call last):
[rank1]:   File "/data1/conda/envs/orthus/lib/python3.11/site-packages/transformers/image_processing_base.py", line 333, in get_image_processor_dict
[rank1]:     resolved_image_processor_files = cached_files(
[rank1]:                                      ^^^^^^^^^^^^^
[rank1]:   File "/data1/conda/envs/orthus/lib/python3.11/site-packages/transformers/utils/hub.py", line 530, in cached_files
[rank1]:     resolved_files = [
[rank1]:                      ^
[rank1]:   File "/data1/conda/envs/orthus/lib/python3.11/site-packages/transformers/utils/hub.py", line 531, in <listcomp>
[rank1]:     _get_cache_file_to_return(path_or_repo_id, filename, cache_dir, revision, repo_type)
[rank1]:   File "/data1/conda/envs/orthus/lib/python3.11/site-packages/transformers/utils/hub.py", line 144, in _get_cache_file_to_return
[rank1]:     resolved_file = try_to_load_from_cache(
[rank1]:                     ^^^^^^^^^^^^^^^^^^^^^^^
[rank1]:   File "/data1/conda/envs/orthus/lib/python3.11/site-packages/huggingface_hub/utils/_validators.py", line 106, in _inner_fn
[rank1]:     validate_repo_id(arg_value)
[rank1]:   File "/data1/conda/envs/orthus/lib/python3.11/site-packages/huggingface_hub/utils/_validators.py", line 154, in validate_repo_id
[rank1]:     raise HFValidationError(
[rank1]: huggingface_hub.errors.HFValidationError: Repo id must be in the form 'repo_name' or 'namespace/repo_name': '/data1/oujingfeng/project/twgi/checkpoints/mydatasets/orthus-7b-sft-base-sample80b100ep500l1e-5-weight-F'. Use `repo_type` argument if needed.

[rank1]: During handling of the above exception, another exception occurred:

[rank1]: Traceback (most recent call last):
[rank1]:   File "/data1/oujingfeng/project/twgi/Orthus/train/grpo/grpo_orthus.py", line 180, in <module>
[rank1]:     main(script_args, training_args, model_args)
[rank1]:   File "/data1/oujingfeng/project/twgi/Orthus/train/grpo/grpo_orthus.py", line 145, in main
[rank1]:     trainer = OrthusGRPOTrainer(
[rank1]:               ^^^^^^^^^^^^^^^^^^
[rank1]:   File "/data1/oujingfeng/project/twgi/Orthus/train/grpo/grpo_trainer_orthus.py", line 68, in __init__
[rank1]:     self.processor = OrthusProcessor.from_pretrained(model if isinstance(model, str) else model.config._name_or_path)
[rank1]:                      ^^^^^^^^^^^^^^^^^^^^^^^^^^^^^^^^^^^^^^^^^^^^^^^^^^^^^^^^^^^^^^^^^^^^^^^^^^^^^^^^^^^^^^^^^^^^^^^^
[rank1]:   File "/data1/conda/envs/orthus/lib/python3.11/site-packages/transformers/processing_utils.py", line 1331, in from_pretrained
[rank1]:     args = cls._get_arguments_from_pretrained(pretrained_model_name_or_path, **kwargs)
[rank1]:            ^^^^^^^^^^^^^^^^^^^^^^^^^^^^^^^^^^^^^^^^^^^^^^^^^^^^^^^^^^^^^^^^^^^^^^^^^^^
[rank1]:   File "/data1/conda/envs/orthus/lib/python3.11/site-packages/transformers/processing_utils.py", line 1390, in _get_arguments_from_pretrained
[rank1]:     args.append(attribute_class.from_pretrained(pretrained_model_name_or_path, **kwargs))
[rank1]:                 ^^^^^^^^^^^^^^^^^^^^^^^^^^^^^^^^^^^^^^^^^^^^^^^^^^^^^^^^^^^^^^^^^^^^^^^^
[rank1]:   File "/data1/conda/envs/orthus/lib/python3.11/site-packages/transformers/image_processing_base.py", line 201, in from_pretrained
[rank1]:     image_processor_dict, kwargs = cls.get_image_processor_dict(pretrained_model_name_or_path, **kwargs)
[rank1]:                                    ^^^^^^^^^^^^^^^^^^^^^^^^^^^^^^^^^^^^^^^^^^^^^^^^^^^^^^^^^^^^^^^^^^^^^
[rank1]:   File "/data1/conda/envs/orthus/lib/python3.11/site-packages/transformers/image_processing_base.py", line 354, in get_image_processor_dict
[rank1]:     raise OSError(
[rank1]: OSError: Can't load image processor for '/data1/oujingfeng/project/twgi/checkpoints/mydatasets/orthus-7b-sft-base-sample80b100ep500l1e-5-weight-F'. If you were trying to load it from 'https://huggingface.co/models', make sure you don't have a local directory with the same name. Otherwise, make sure '/data1/oujingfeng/project/twgi/checkpoints/mydatasets/orthus-7b-sft-base-sample80b100ep500l1e-5-weight-F' is the correct path to a directory containing a preprocessor_config.json file
W1103 14:39:29.763000 2039575 site-packages/torch/distributed/elastic/multiprocessing/api.py:900] Sending process 2039833 closing signal SIGTERM
W1103 14:39:29.763000 2039575 site-packages/torch/distributed/elastic/multiprocessing/api.py:900] Sending process 2039835 closing signal SIGTERM
W1103 14:39:29.764000 2039575 site-packages/torch/distributed/elastic/multiprocessing/api.py:900] Sending process 2039836 closing signal SIGTERM
W1103 14:39:29.764000 2039575 site-packages/torch/distributed/elastic/multiprocessing/api.py:900] Sending process 2039837 closing signal SIGTERM
W1103 14:39:29.765000 2039575 site-packages/torch/distributed/elastic/multiprocessing/api.py:900] Sending process 2039838 closing signal SIGTERM
W1103 14:39:29.766000 2039575 site-packages/torch/distributed/elastic/multiprocessing/api.py:900] Sending process 2039839 closing signal SIGTERM
E1103 14:39:30.309000 2039575 site-packages/torch/distributed/elastic/multiprocessing/api.py:874] failed (exitcode: 1) local_rank: 0 (pid: 2039832) of binary: /data1/conda/envs/orthus/bin/python3.11
Traceback (most recent call last):
  File "/data1/conda/envs/orthus/bin/accelerate", line 7, in <module>
    sys.exit(main())
             ^^^^^^
  File "/data1/conda/envs/orthus/lib/python3.11/site-packages/accelerate/commands/accelerate_cli.py", line 50, in main
    args.func(args)
  File "/data1/conda/envs/orthus/lib/python3.11/site-packages/accelerate/commands/launch.py", line 1220, in launch_command
    deepspeed_launcher(args)
  File "/data1/conda/envs/orthus/lib/python3.11/site-packages/accelerate/commands/launch.py", line 906, in deepspeed_launcher
    distrib_run.run(args)
  File "/data1/conda/envs/orthus/lib/python3.11/site-packages/torch/distributed/run.py", line 892, in run
    elastic_launch(
  File "/data1/conda/envs/orthus/lib/python3.11/site-packages/torch/distributed/launcher/api.py", line 143, in __call__
    return launch_agent(self._config, self._entrypoint, list(args))
           ^^^^^^^^^^^^^^^^^^^^^^^^^^^^^^^^^^^^^^^^^^^^^^^^^^^^^^^^
  File "/data1/conda/envs/orthus/lib/python3.11/site-packages/torch/distributed/launcher/api.py", line 277, in launch_agent
    raise ChildFailedError(
torch.distributed.elastic.multiprocessing.errors.ChildFailedError: 
============================================================
/data1/oujingfeng/project/twgi/Orthus/train/grpo/grpo_orthus.py FAILED
------------------------------------------------------------
Failures:
[1]:
  time      : 2025-11-03_14:39:29
  host      : server
  rank      : 2 (local_rank: 2)
  exitcode  : 1 (pid: 2039834)
  error_file: <N/A>
  traceback : To enable traceback see: https://pytorch.org/docs/stable/elastic/errors.html
------------------------------------------------------------
Root Cause (first observed failure):
[0]:
  time      : 2025-11-03_14:39:29
  host      : server
  rank      : 0 (local_rank: 0)
  exitcode  : 1 (pid: 2039832)
  error_file: <N/A>
  traceback : To enable traceback see: https://pytorch.org/docs/stable/elastic/errors.html
============================================================
