[INFO] Launch command: accelerate launch --config_file /data1/oujingfeng/project/twgi/Orthus/accelerate_config_stage3_offload.yaml --num_processes 8 /data1/oujingfeng/project/twgi/Orthus/train/grpo/grpo_orthus.py --model_name_or_path /data1/oujingfeng/project/twgi/checkpoints/mydatasets/orthus-7b-sft-base-sample80b100ep500l1e-5-weight-F --output_dir /data1/oujingfeng/project/twgi/checkpoints/grpo/orthus-7b-grpo-geneval-v1 --run_name orthus-7b-grpo-geneval-v1 --dataset_name /data1/oujingfeng/project/twgi/datasets/mydatasets/modified_data.json --bf16 True --torch_dtype bfloat16 --attn_implementation flash_attention_2 --gradient_checkpointing True --max_prompt_length 512 --max_completion_length 512 --per_device_train_batch_size 1 --gradient_accumulation_steps 2 --learning_rate 1e-6 --max_steps 2000 --logging_steps 1 --save_steps 100 --temperature 1.0 --num_generations 2 --generation_batch_size 2 --beta 0.05 --optim adamw_torch --reward_funcs answer_correctness format --reward_smooth True --kl_reweight True --update_ref False --entropy_reward True
W1027 16:59:48.393000 201801 site-packages/torch/distributed/run.py:774] 
W1027 16:59:48.393000 201801 site-packages/torch/distributed/run.py:774] *****************************************
W1027 16:59:48.393000 201801 site-packages/torch/distributed/run.py:774] Setting OMP_NUM_THREADS environment variable for each process to be 1 in default, to avoid your system being overloaded, please further tune the variable for optimal performance in your application as needed. 
W1027 16:59:48.393000 201801 site-packages/torch/distributed/run.py:774] *****************************************
NCCL version 2.27.3+cuda12.9
[rank7]: Traceback (most recent call last):
[rank7]:   File "/data1/oujingfeng/project/twgi/Orthus/train/grpo/grpo_orthus.py", line 167, in <module>
[rank7]:     script_args, training_args, model_args = parser.parse_args_and_config()
[rank7]:                                              ^^^^^^^^^^^^^^^^^^^^^^^^^^^^^^
[rank7]:   File "/data1/conda/envs/orthus/lib/python3.11/site-packages/trl/scripts/utils.py", line 354, in parse_args_and_config
[rank7]:     output = self.parse_args_into_dataclasses(args=args, return_remaining_strings=return_remaining_strings)
[rank7]:              ^^^^^^^^^^^^^^^^^^^^^^^^^^^^^^^^^^^^^^^^^^^^^^^^^^^^^^^^^^^^^^^^^^^^^^^^^^^^^^^^^^^^^^^^^^^^^^
[rank7]:   File "/data1/conda/envs/orthus/lib/python3.11/site-packages/transformers/hf_argparser.py", line 345, in parse_args_into_dataclasses
[rank7]:     obj = dtype(**inputs)
[rank7]:           ^^^^^^^^^^^^^^^
[rank7]:   File "<string>", line 188, in __init__
[rank7]:   File "/data1/conda/envs/orthus/lib/python3.11/site-packages/trl/trainer/grpo_config.py", line 654, in __post_init__
[rank7]:     raise ValueError(
[rank7]: ValueError: generation_batch_size (2) must be divisible by the global batch size (8).
[rank6]: Traceback (most recent call last):
[rank6]:   File "/data1/oujingfeng/project/twgi/Orthus/train/grpo/grpo_orthus.py", line 167, in <module>
[rank6]:     script_args, training_args, model_args = parser.parse_args_and_config()
[rank6]:                                              ^^^^^^^^^^^^^^^^^^^^^^^^^^^^^^
[rank6]:   File "/data1/conda/envs/orthus/lib/python3.11/site-packages/trl/scripts/utils.py", line 354, in parse_args_and_config
[rank6]:     output = self.parse_args_into_dataclasses(args=args, return_remaining_strings=return_remaining_strings)
[rank6]:              ^^^^^^^^^^^^^^^^^^^^^^^^^^^^^^^^^^^^^^^^^^^^^^^^^^^^^^^^^^^^^^^^^^^^^^^^^^^^^^^^^^^^^^^^^^^^^^
[rank6]:   File "/data1/conda/envs/orthus/lib/python3.11/site-packages/transformers/hf_argparser.py", line 345, in parse_args_into_dataclasses
[rank6]:     obj = dtype(**inputs)
[rank6]:           ^^^^^^^^^^^^^^^
[rank6]:   File "<string>", line 188, in __init__
[rank6]:   File "/data1/conda/envs/orthus/lib/python3.11/site-packages/trl/trainer/grpo_config.py", line 654, in __post_init__
[rank6]:     raise ValueError(
[rank6]: ValueError: generation_batch_size (2) must be divisible by the global batch size (8).
[rank5]: Traceback (most recent call last):
[rank5]:   File "/data1/oujingfeng/project/twgi/Orthus/train/grpo/grpo_orthus.py", line 167, in <module>
[rank5]:     script_args, training_args, model_args = parser.parse_args_and_config()
[rank5]:                                              ^^^^^^^^^^^^^^^^^^^^^^^^^^^^^^
[rank5]:   File "/data1/conda/envs/orthus/lib/python3.11/site-packages/trl/scripts/utils.py", line 354, in parse_args_and_config
[rank5]:     output = self.parse_args_into_dataclasses(args=args, return_remaining_strings=return_remaining_strings)
[rank5]:              ^^^^^^^^^^^^^^^^^^^^^^^^^^^^^^^^^^^^^^^^^^^^^^^^^^^^^^^^^^^^^^^^^^^^^^^^^^^^^^^^^^^^^^^^^^^^^^
[rank5]:   File "/data1/conda/envs/orthus/lib/python3.11/site-packages/transformers/hf_argparser.py", line 345, in parse_args_into_dataclasses
[rank5]:     obj = dtype(**inputs)
[rank5]:           ^^^^^^^^^^^^^^^
[rank5]:   File "<string>", line 188, in __init__
[rank5]:   File "/data1/conda/envs/orthus/lib/python3.11/site-packages/trl/trainer/grpo_config.py", line 654, in __post_init__
[rank5]:     raise ValueError(
[rank5]: ValueError: generation_batch_size (2) must be divisible by the global batch size (8).
[rank4]: Traceback (most recent call last):
[rank4]:   File "/data1/oujingfeng/project/twgi/Orthus/train/grpo/grpo_orthus.py", line 167, in <module>
[rank4]:     script_args, training_args, model_args = parser.parse_args_and_config()
[rank4]:                                              ^^^^^^^^^^^^^^^^^^^^^^^^^^^^^^
[rank4]:   File "/data1/conda/envs/orthus/lib/python3.11/site-packages/trl/scripts/utils.py", line 354, in parse_args_and_config
[rank4]:     output = self.parse_args_into_dataclasses(args=args, return_remaining_strings=return_remaining_strings)
[rank4]:              ^^^^^^^^^^^^^^^^^^^^^^^^^^^^^^^^^^^^^^^^^^^^^^^^^^^^^^^^^^^^^^^^^^^^^^^^^^^^^^^^^^^^^^^^^^^^^^
[rank4]:   File "/data1/conda/envs/orthus/lib/python3.11/site-packages/transformers/hf_argparser.py", line 345, in parse_args_into_dataclasses
[rank4]:     obj = dtype(**inputs)
[rank4]:           ^^^^^^^^^^^^^^^
[rank4]:   File "<string>", line 188, in __init__
[rank4]:   File "/data1/conda/envs/orthus/lib/python3.11/site-packages/trl/trainer/grpo_config.py", line 654, in __post_init__
[rank4]:     raise ValueError(
[rank4]: ValueError: generation_batch_size (2) must be divisible by the global batch size (8).
[rank3]: Traceback (most recent call last):
[rank3]:   File "/data1/oujingfeng/project/twgi/Orthus/train/grpo/grpo_orthus.py", line 167, in <module>
[rank3]:     script_args, training_args, model_args = parser.parse_args_and_config()
[rank3]:                                              ^^^^^^^^^^^^^^^^^^^^^^^^^^^^^^
[rank3]:   File "/data1/conda/envs/orthus/lib/python3.11/site-packages/trl/scripts/utils.py", line 354, in parse_args_and_config
[rank3]:     output = self.parse_args_into_dataclasses(args=args, return_remaining_strings=return_remaining_strings)
[rank3]:              ^^^^^^^^^^^^^^^^^^^^^^^^^^^^^^^^^^^^^^^^^^^^^^^^^^^^^^^^^^^^^^^^^^^^^^^^^^^^^^^^^^^^^^^^^^^^^^
[rank3]:   File "/data1/conda/envs/orthus/lib/python3.11/site-packages/transformers/hf_argparser.py", line 345, in parse_args_into_dataclasses
[rank3]:     obj = dtype(**inputs)
[rank3]:           ^^^^^^^^^^^^^^^
[rank3]:   File "<string>", line 188, in __init__
[rank3]:   File "/data1/conda/envs/orthus/lib/python3.11/site-packages/trl/trainer/grpo_config.py", line 654, in __post_init__
[rank3]:     raise ValueError(
[rank3]: ValueError: generation_batch_size (2) must be divisible by the global batch size (8).
[rank0]: Traceback (most recent call last):
[rank0]:   File "/data1/oujingfeng/project/twgi/Orthus/train/grpo/grpo_orthus.py", line 167, in <module>
[rank0]:     script_args, training_args, model_args = parser.parse_args_and_config()
[rank0]:                                              ^^^^^^^^^^^^^^^^^^^^^^^^^^^^^^
[rank0]:   File "/data1/conda/envs/orthus/lib/python3.11/site-packages/trl/scripts/utils.py", line 354, in parse_args_and_config
[rank0]:     output = self.parse_args_into_dataclasses(args=args, return_remaining_strings=return_remaining_strings)
[rank0]:              ^^^^^^^^^^^^^^^^^^^^^^^^^^^^^^^^^^^^^^^^^^^^^^^^^^^^^^^^^^^^^^^^^^^^^^^^^^^^^^^^^^^^^^^^^^^^^^
[rank0]:   File "/data1/conda/envs/orthus/lib/python3.11/site-packages/transformers/hf_argparser.py", line 345, in parse_args_into_dataclasses
[rank0]:     obj = dtype(**inputs)
[rank0]:           ^^^^^^^^^^^^^^^
[rank0]:   File "<string>", line 188, in __init__
[rank0]:   File "/data1/conda/envs/orthus/lib/python3.11/site-packages/trl/trainer/grpo_config.py", line 654, in __post_init__
[rank0]:     raise ValueError(
[rank0]: ValueError: generation_batch_size (2) must be divisible by the global batch size (8).
[rank2]: Traceback (most recent call last):
[rank2]:   File "/data1/oujingfeng/project/twgi/Orthus/train/grpo/grpo_orthus.py", line 167, in <module>
[rank2]:     script_args, training_args, model_args = parser.parse_args_and_config()
[rank2]:                                              ^^^^^^^^^^^^^^^^^^^^^^^^^^^^^^
[rank2]:   File "/data1/conda/envs/orthus/lib/python3.11/site-packages/trl/scripts/utils.py", line 354, in parse_args_and_config
[rank2]:     output = self.parse_args_into_dataclasses(args=args, return_remaining_strings=return_remaining_strings)
[rank2]:              ^^^^^^^^^^^^^^^^^^^^^^^^^^^^^^^^^^^^^^^^^^^^^^^^^^^^^^^^^^^^^^^^^^^^^^^^^^^^^^^^^^^^^^^^^^^^^^
[rank2]:   File "/data1/conda/envs/orthus/lib/python3.11/site-packages/transformers/hf_argparser.py", line 345, in parse_args_into_dataclasses
[rank2]:     obj = dtype(**inputs)
[rank2]:           ^^^^^^^^^^^^^^^
[rank2]:   File "<string>", line 188, in __init__
[rank2]:   File "/data1/conda/envs/orthus/lib/python3.11/site-packages/trl/trainer/grpo_config.py", line 654, in __post_init__
[rank2]:     raise ValueError(
[rank2]: ValueError: generation_batch_size (2) must be divisible by the global batch size (8).
[rank1]: Traceback (most recent call last):
[rank1]:   File "/data1/oujingfeng/project/twgi/Orthus/train/grpo/grpo_orthus.py", line 167, in <module>
[rank1]:     script_args, training_args, model_args = parser.parse_args_and_config()
[rank1]:                                              ^^^^^^^^^^^^^^^^^^^^^^^^^^^^^^
[rank1]:   File "/data1/conda/envs/orthus/lib/python3.11/site-packages/trl/scripts/utils.py", line 354, in parse_args_and_config
[rank1]:     output = self.parse_args_into_dataclasses(args=args, return_remaining_strings=return_remaining_strings)
[rank1]:              ^^^^^^^^^^^^^^^^^^^^^^^^^^^^^^^^^^^^^^^^^^^^^^^^^^^^^^^^^^^^^^^^^^^^^^^^^^^^^^^^^^^^^^^^^^^^^^
[rank1]:   File "/data1/conda/envs/orthus/lib/python3.11/site-packages/transformers/hf_argparser.py", line 345, in parse_args_into_dataclasses
[rank1]:     obj = dtype(**inputs)
[rank1]:           ^^^^^^^^^^^^^^^
[rank1]:   File "<string>", line 188, in __init__
[rank1]:   File "/data1/conda/envs/orthus/lib/python3.11/site-packages/trl/trainer/grpo_config.py", line 654, in __post_init__
[rank1]:     raise ValueError(
[rank1]: ValueError: generation_batch_size (2) must be divisible by the global batch size (8).
[rank0]:[W1027 17:00:00.016248055 ProcessGroupNCCL.cpp:1538] Warning: WARNING: destroy_process_group() was not called before program exit, which can leak resources. For more info, please see https://pytorch.org/docs/stable/distributed.html#shutdown (function operator())
W1027 17:00:02.332000 201801 site-packages/torch/distributed/elastic/multiprocessing/api.py:900] Sending process 201998 closing signal SIGTERM
W1027 17:00:02.333000 201801 site-packages/torch/distributed/elastic/multiprocessing/api.py:900] Sending process 201999 closing signal SIGTERM
W1027 17:00:02.333000 201801 site-packages/torch/distributed/elastic/multiprocessing/api.py:900] Sending process 202000 closing signal SIGTERM
W1027 17:00:02.334000 201801 site-packages/torch/distributed/elastic/multiprocessing/api.py:900] Sending process 202001 closing signal SIGTERM
W1027 17:00:02.334000 201801 site-packages/torch/distributed/elastic/multiprocessing/api.py:900] Sending process 202002 closing signal SIGTERM
W1027 17:00:02.334000 201801 site-packages/torch/distributed/elastic/multiprocessing/api.py:900] Sending process 202003 closing signal SIGTERM
W1027 17:00:02.335000 201801 site-packages/torch/distributed/elastic/multiprocessing/api.py:900] Sending process 202004 closing signal SIGTERM
E1027 17:00:02.751000 201801 site-packages/torch/distributed/elastic/multiprocessing/api.py:874] failed (exitcode: 1) local_rank: 0 (pid: 201997) of binary: /data1/conda/envs/orthus/bin/python3.11
Traceback (most recent call last):
  File "/data1/conda/envs/orthus/bin/accelerate", line 7, in <module>
    sys.exit(main())
             ^^^^^^
  File "/data1/conda/envs/orthus/lib/python3.11/site-packages/accelerate/commands/accelerate_cli.py", line 50, in main
    args.func(args)
  File "/data1/conda/envs/orthus/lib/python3.11/site-packages/accelerate/commands/launch.py", line 1220, in launch_command
    deepspeed_launcher(args)
  File "/data1/conda/envs/orthus/lib/python3.11/site-packages/accelerate/commands/launch.py", line 906, in deepspeed_launcher
    distrib_run.run(args)
  File "/data1/conda/envs/orthus/lib/python3.11/site-packages/torch/distributed/run.py", line 892, in run
    elastic_launch(
  File "/data1/conda/envs/orthus/lib/python3.11/site-packages/torch/distributed/launcher/api.py", line 143, in __call__
    return launch_agent(self._config, self._entrypoint, list(args))
           ^^^^^^^^^^^^^^^^^^^^^^^^^^^^^^^^^^^^^^^^^^^^^^^^^^^^^^^^
  File "/data1/conda/envs/orthus/lib/python3.11/site-packages/torch/distributed/launcher/api.py", line 277, in launch_agent
    raise ChildFailedError(
torch.distributed.elastic.multiprocessing.errors.ChildFailedError: 
============================================================
/data1/oujingfeng/project/twgi/Orthus/train/grpo/grpo_orthus.py FAILED
------------------------------------------------------------
Failures:
  <NO_OTHER_FAILURES>
------------------------------------------------------------
Root Cause (first observed failure):
[0]:
  time      : 2025-10-27_17:00:02
  host      : server
  rank      : 0 (local_rank: 0)
  exitcode  : 1 (pid: 201997)
  error_file: <N/A>
  traceback : To enable traceback see: https://pytorch.org/docs/stable/elastic/errors.html
============================================================
